// Jest Snapshot v1, https://goo.gl/fbAQLP

exports[`DataViewCheckboxFilter component should render correctly 1`] = `
<div>
  <div
    class="pf-v5-c-toolbar"
    data-ouia-component-id="DataViewToolbar"
    data-ouia-component-type="PF5/Toolbar"
    data-ouia-safe="true"
    id="pf-random-id-0"
  >
    <div
      class="pf-v5-c-toolbar__content"
    >
      <div
        class="pf-v5-c-toolbar__content-section"
      >
        <div
          class="pf-v5-c-toolbar__item pf-m-search-filter"
        >
          <div
            class="pf-v5-c-toolbar__item"
            data-ouia-component-id="DataViewCheckboxFilter"
          >
            <button
              aria-expanded="false"
              class="pf-v5-c-menu-toggle"
              data-ouia-component-id="DataViewCheckboxFilter-toggle"
              data-ouia-component-type="PF5/MenuToggle"
              data-ouia-safe="true"
              style="width: 200px;"
              type="button"
            >
              <span
                class="pf-v5-c-menu-toggle__icon"
              >
                <svg
                  aria-hidden="true"
                  class="pf-v5-svg"
                  fill="currentColor"
                  height="1em"
                  role="img"
                  viewBox="0 0 512 512"
                  width="1em"
                >
                  <path
                    d="M487.976 0H24.028C2.71 0-8.047 25.866 7.058 40.971L192 225.941V432c0 7.831 3.821 15.17 10.237 19.662l80 55.98C298.02 518.69 320 507.493 320 487.98V225.941l184.947-184.97C520.021 25.896 509.338 0 487.976 0z"
                  />
                </svg>
              </span>
              <span
                class="pf-v5-c-menu-toggle__text"
              >
                Test Checkbox Filter
              </span>
              <span
                class="pf-v5-c-menu-toggle__count"
              >
                <span
                  class="pf-v5-c-badge pf-m-read"
                  data-ouia-component-id="DataViewCheckboxFilter-badge"
                >
                  1
                </span>
              </span>
              <span
                class="pf-v5-c-menu-toggle__controls"
              >
                <span
                  class="pf-v5-c-menu-toggle__toggle-icon"
                >
                  <svg
                    aria-hidden="true"
                    class="pf-v5-svg"
                    fill="currentColor"
                    height="1em"
                    role="img"
                    viewBox="0 0 320 512"
                    width="1em"
                  >
                    <path
                      d="M31.3 192h257.3c17.8 0 26.7 21.5 14.1 34.1L174.1 354.8c-7.8 7.8-20.5 7.8-28.3 0L17.2 226.1C4.6 213.5 13.5 192 31.3 192z"
                    />
                  </svg>
                </span>
              </span>
            </button>
          </div>
        </div>
      </div>
    </div>
    <div
      class="pf-v5-c-toolbar__content pf-m-chip-container"
    >
      <div
        class="pf-v5-c-toolbar__group"
      >
        <div
          class="pf-v5-c-toolbar__item pf-m-chip-group"
        >
          <div
            aria-labelledby="pf-random-id-1"
            class="pf-v5-c-chip-group pf-m-category"
            data-ouia-component-type="PF5/ChipGroup"
            data-ouia-safe="true"
            role="group"
          >
            <div
              class="pf-v5-c-chip-group__main"
            >
              <span
                class="pf-v5-c-chip-group__label"
                id="pf-random-id-1"
              >
                Test Checkbox Filter
              </span>
              <ul
                aria-labelledby="pf-random-id-1"
                class="pf-v5-c-chip-group__list"
                role="list"
              >
                <li
                  class="pf-v5-c-chip-group__list-item"
                >
                  <div
                    class="pf-v5-c-chip"
                    data-ouia-component-id="OUIA-Generated-Chip-1"
                    data-ouia-component-type="PF5/Chip"
                    data-ouia-safe="true"
                  >
                    <span
                      class="pf-v5-c-chip__content"
                    >
                      <span
                        class="pf-v5-c-chip__text"
                        id="pf-random-id-2"
                      >
                        Workspace one
                      </span>
                    </span>
                    <span
                      class="pf-v5-c-chip__actions"
                    >
                      <button
                        aria-disabled="false"
                        aria-label="close"
                        aria-labelledby="remove_pf-random-id-2 pf-random-id-2"
                        class="pf-v5-c-button pf-m-plain"
                        data-ouia-component-id="close"
                        data-ouia-component-type="PF5/Button"
                        data-ouia-safe="true"
                        id="remove_pf-random-id-2"
                        type="button"
                      >
                        <svg
                          aria-hidden="true"
                          class="pf-v5-svg"
                          fill="currentColor"
                          height="1em"
                          role="img"
                          viewBox="0 0 352 512"
                          width="1em"
                        >
                          <path
                            d="M242.72 256l100.07-100.07c12.28-12.28 12.28-32.19 0-44.48l-22.24-22.24c-12.28-12.28-32.19-12.28-44.48 0L176 189.28 75.93 89.21c-12.28-12.28-32.19-12.28-44.48 0L9.21 111.45c-12.28 12.28-12.28 32.19 0 44.48L109.28 256 9.21 356.07c-12.28 12.28-12.28 32.19 0 44.48l22.24 22.24c12.28 12.28 32.2 12.28 44.48 0L176 322.72l100.07 100.07c12.28 12.28 32.2 12.28 44.48 0l22.24-22.24c12.28-12.28 12.28-32.19 0-44.48L242.72 256z"
                          />
                        </svg>
                      </button>
                    </span>
                  </div>
                </li>
              </ul>
            </div>
          </div>
        </div>
      </div>
      <div
        class="pf-v5-c-toolbar__item"
      >
        <button
          aria-disabled="false"
          class="pf-v5-c-button pf-m-link pf-m-inline"
          data-ouia-component-id="DataViewToolbar-clear-all-filters"
          data-ouia-component-type="PF5/Button"
          data-ouia-safe="true"
          type="button"
        >
          Clear filters
        </button>
      </div>
    </div>
  </div>
</div>
`;
